{-# OPTIONS_GHC -cpp -XMagicHash #-}
{- For Hugs, use the option -F"cpp -P -traditional" -}

module Main where

import qualified Prelude

#ifdef __GLASGOW_HASKELL__
import qualified GHC.Base
#if __GLASGOW_HASKELL__ >= 900
import qualified GHC.Exts
#endif
#else
-- HUGS
import qualified IOExts
#endif

#ifdef __GLASGOW_HASKELL__
unsafeCoerce :: a -> b
#if __GLASGOW_HASKELL__ >= 900
unsafeCoerce = GHC.Exts.unsafeCoerce#
#else
unsafeCoerce = GHC.Base.unsafeCoerce#
#endif
#else
-- HUGS
unsafeCoerce :: a -> b
unsafeCoerce = IOExts.unsafeCoerce
#endif

#ifdef __GLASGOW_HASKELL__
type Any = GHC.Base.Any
#else
-- HUGS
type Any = ()
#endif

data Uint =
   Nil
 | D0 Uint
 | D1 Uint
 | D2 Uint
 | D3 Uint
 | D4 Uint
 | D5 Uint
 | D6 Uint
 | D7 Uint
 | D8 Uint
 | D9 Uint

revapp :: Uint -> Uint -> Uint
revapp d d' =
  case d of {
   Nil -> d';
   D0 d0 -> revapp d0 (D0 d');
   D1 d0 -> revapp d0 (D1 d');
   D2 d0 -> revapp d0 (D2 d');
   D3 d0 -> revapp d0 (D3 d');
   D4 d0 -> revapp d0 (D4 d');
   D5 d0 -> revapp d0 (D5 d');
   D6 d0 -> revapp d0 (D6 d');
   D7 d0 -> revapp d0 (D7 d');
   D8 d0 -> revapp d0 (D8 d');
   D9 d0 -> revapp d0 (D9 d')}

rev :: Uint -> Uint
rev d =
  revapp d Nil

double :: Uint -> Uint
double d =
  case d of {
   Nil -> Nil;
   D0 d0 -> D0 (double d0);
   D1 d0 -> D2 (double d0);
   D2 d0 -> D4 (double d0);
   D3 d0 -> D6 (double d0);
   D4 d0 -> D8 (double d0);
   D5 d0 -> D0 (succ_double d0);
   D6 d0 -> D2 (succ_double d0);
   D7 d0 -> D4 (succ_double d0);
   D8 d0 -> D6 (succ_double d0);
   D9 d0 -> D8 (succ_double d0)}

succ_double :: Uint -> Uint
succ_double d =
  case d of {
   Nil -> D1 Nil;
   D0 d0 -> D1 (double d0);
   D1 d0 -> D3 (double d0);
   D2 d0 -> D5 (double d0);
   D3 d0 -> D7 (double d0);
   D4 d0 -> D9 (double d0);
   D5 d0 -> D1 (succ_double d0);
   D6 d0 -> D3 (succ_double d0);
   D7 d0 -> D5 (succ_double d0);
   D8 d0 -> D7 (succ_double d0);
   D9 d0 -> D9 (succ_double d0)}

to_little_uint :: Prelude.Integer -> Uint
to_little_uint p =
  (\fI fO fH n -> if n Prelude.== 1 then fH () else
                   if Prelude.odd n
                   then fI (n `Prelude.div` 2)
                   else fO (n `Prelude.div` 2))
    (\p0 -> succ_double (to_little_uint p0))
    (\p0 -> double (to_little_uint p0))
    (\_ -> D1 Nil)
    p

to_uint :: Prelude.Integer -> Uint
to_uint p =
  rev (to_little_uint p)

to_int :: Prelude.Integer ->
          ((Obj.t -> Obj.t) -> (Obj.t -> Obj.t) -> Obj.t) (* Decimal.int *)
to_int n =
  (\fO fP fN n -> if n Prelude.== 0 then fO () else
                   if n Prelude.> 0 then fP n else
                   fN (Prelude.negate n))
    (\_ -> (fun x pos _ -> pos (Obj.magic x)) (D0 Nil))
    (\p -> (fun x pos _ -> pos (Obj.magic x)) (to_uint p))
    (\p -> (fun y _ neg -> neg (Obj.magic y)) (to_uint p))
    n

show_Z :: Prelude.Integer -> Prelude.String
show_Z = (fun i ->
  let s = Big_int_Z.string_of_big_int i in
  let rec copy acc i =
    if i < 0 then acc else copy (s.[i] :: acc) (i-1)
  in copy [] (String.length s - 1))

data Recursivity =
   NonRec
 | Rec

data Strictness =
   NonStrict
 | Strict

data DefaultUni =
   DefaultUniInteger
 | DefaultUniByteString
 | DefaultUniString
 | DefaultUniUnit
 | DefaultUniBool
 | DefaultUniProtoList
 | DefaultUniProtoPair
 | DefaultUniData
 | DefaultUniBLS12_381_G1_Element
 | DefaultUniBLS12_381_G2_Element
 | DefaultUniBLS12_381_MlResult
 | DefaultUniApply DefaultUni DefaultUni

type UniType = Any

data Constant =
   ValueOf DefaultUni UniType

data DefaultFun =
   AddInteger
 | SubtractInteger
 | MultiplyInteger
 | DivideInteger
 | QuotientInteger
 | RemainderInteger
 | ModInteger
 | EqualsInteger
 | LessThanInteger
 | LessThanEqualsInteger
 | AppendByteString
 | ConsByteString
 | SliceByteString
 | LengthOfByteString
 | IndexByteString
 | EqualsByteString
 | LessThanByteString
 | LessThanEqualsByteString
 | Sha2_256
 | Sha3_256
 | Blake2b_256
 | VerifyEd25519Signature
 | VerifyEcdsaSecp256k1Signature
 | VerifySchnorrSecp256k1Signature
 | AppendString
 | EqualsString
 | EncodeUtf8
 | DecodeUtf8
 | IfThenElse
 | ChooseUnit
 | Trace
 | FstPair
 | SndPair
 | ChooseList
 | MkCons
 | HeadList
 | TailList
 | NullList
 | ChooseData
 | ConstrData
 | MapData
 | ListData
 | IData
 | BData
 | UnConstrData
 | UnMapData
 | UnListData
 | UnIData
 | UnBData
 | EqualsData
 | SerialiseData
 | MkPairData
 | MkNilData
 | MkNilPairData
 | Bls12_381_G1_add
 | Bls12_381_G1_neg
 | Bls12_381_G1_scalarMul
 | Bls12_381_G1_equal
 | Bls12_381_G1_hashToGroup
 | Bls12_381_G1_compress
 | Bls12_381_G1_uncompress
 | Bls12_381_G2_add
 | Bls12_381_G2_neg
 | Bls12_381_G2_scalarMul
 | Bls12_381_G2_equal
 | Bls12_381_G2_hashToGroup
 | Bls12_381_G2_compress
 | Bls12_381_G2_uncompress
 | Bls12_381_millerLoop
 | Bls12_381_mulMlResult
 | Bls12_381_finalVerify
 | Keccak_256
 | Blake2b_224
 | IntegerToByteString
 | ByteStringToInteger
 | XorByteString
 | WriteBits
 | ShiftByteString
 | RotateByteString
 | Ripemd_160
 | ReplicateByte
 | ReadBit
 | OrByteString
 | FindFirstSetBit
 | ExpModInteger
 | CountSetBits
 | ComplementByteString
 | AndByteString

type Name = Prelude.String

type Tyname = Prelude.String

type BinderName = Prelude.String

type BinderTyname = Prelude.String

data Kind =
   Kind_Base
 | Kind_Arrow Kind Kind

data Ty =
   Ty_Var Tyname
 | Ty_Fun Ty Ty
 | Ty_IFix Ty Ty
 | Ty_Forall BinderTyname Kind Ty
 | Ty_Builtin DefaultUni
 | Ty_Lam BinderTyname Kind Ty
 | Ty_App Ty Ty
 | Ty_SOP (([]) (([]) Ty))

data Vdecl =
   VarDecl BinderName Ty

data Tvdecl =
   TyVarDecl BinderTyname Kind

data Dtdecl =
   Datatype Tvdecl (([]) Tvdecl) BinderName (([]) Vdecl)

data Term =
   Let Recursivity (([]) Binding) Term
 | Var Name
 | TyAbs BinderTyname Kind Term
 | LamAbs BinderName Ty Term
 | Apply Term Term
 | Constant0 Constant
 | Builtin DefaultFun
 | TyInst Term Ty
 | Error Ty
 | IWrap Ty Ty Term
 | Unwrap Term
 | Constr Ty int (([]) Term)
 | Case Ty Term (([]) Term)
data Binding =
   TermBind Strictness Vdecl Term
 | TypeBind Tvdecl Ty
 | DatatypeBind Dtdecl

some :: a1 -> a1
some x =
  x

dumps_dce_compile_data :: ([]) Term
dumps_dce_compile_data =
  (:) (Let NonRec ((:) (TermBind Strict (VarDecl
    (show_Z ((\x -> x) ((\x -> 2 Prelude.* x) ((\x -> 2 Prelude.* x)
      ((\x -> 2 Prelude.* x Prelude.+ 1) ((\x -> 2 Prelude.* x)
      ((\x -> 2 Prelude.* x) ((\x -> 2 Prelude.* x Prelude.+ 1)
      ((\x -> 2 Prelude.* x) ((\x -> 2 Prelude.* x Prelude.+ 1)
      ((\x -> 2 Prelude.* x) 1))))))))))) (Ty_Fun (Ty_Builtin
    DefaultUniInteger) (Ty_Fun (Ty_Builtin DefaultUniInteger) (Ty_Builtin
    DefaultUniInteger)))) (Builtin AddInteger)) ([])) (Let NonRec ((:)
    (TermBind NonStrict (VarDecl
    (show_Z ((\x -> x) ((\x -> 2 Prelude.* x)
      ((\x -> 2 Prelude.* x Prelude.+ 1) ((\x -> 2 Prelude.* x)
      ((\x -> 2 Prelude.* x Prelude.+ 1) ((\x -> 2 Prelude.* x)
      ((\x -> 2 Prelude.* x Prelude.+ 1) ((\x -> 2 Prelude.* x)
      ((\x -> 2 Prelude.* x Prelude.+ 1) ((\x -> 2 Prelude.* x) 1)))))))))))
    (Ty_Fun (Ty_Builtin DefaultUniInteger) (Ty_Fun (Ty_Builtin
    DefaultUniInteger) (Ty_Builtin DefaultUniInteger)))) (LamAbs
    (show_Z ((\x -> x) ((\x -> 2 Prelude.* x)
      ((\x -> 2 Prelude.* x Prelude.+ 1) ((\x -> 2 Prelude.* x Prelude.+ 1)
      ((\x -> 2 Prelude.* x) ((\x -> 2 Prelude.* x)
      ((\x -> 2 Prelude.* x Prelude.+ 1) ((\x -> 2 Prelude.* x)
      ((\x -> 2 Prelude.* x Prelude.+ 1) ((\x -> 2 Prelude.* x) 1)))))))))))
    (Ty_Builtin DefaultUniInteger) (LamAbs
    (show_Z ((\x -> x) ((\x -> 2 Prelude.* x Prelude.+ 1)
      ((\x -> 2 Prelude.* x Prelude.+ 1) ((\x -> 2 Prelude.* x Prelude.+ 1)
      ((\x -> 2 Prelude.* x) ((\x -> 2 Prelude.* x)
      ((\x -> 2 Prelude.* x Prelude.+ 1) ((\x -> 2 Prelude.* x)
      ((\x -> 2 Prelude.* x Prelude.+ 1) ((\x -> 2 Prelude.* x) 1)))))))))))
    (Ty_Builtin DefaultUniInteger) (Let NonRec ((:) (TermBind Strict (VarDecl
    (show_Z ((\x -> x) ((\x -> 2 Prelude.* x) ((\x -> 2 Prelude.* x)
      ((\x -> 2 Prelude.* x) ((\x -> 2 Prelude.* x Prelude.+ 1)
      ((\x -> 2 Prelude.* x) ((\x -> 2 Prelude.* x Prelude.+ 1)
      ((\x -> 2 Prelude.* x) ((\x -> 2 Prelude.* x Prelude.+ 1)
      ((\x -> 2 Prelude.* x) 1))))))))))) (Ty_Builtin DefaultUniInteger))
    (Var
    (show_Z ((\x -> x) ((\x -> 2 Prelude.* x)
      ((\x -> 2 Prelude.* x Prelude.+ 1) ((\x -> 2 Prelude.* x Prelude.+ 1)
      ((\x -> 2 Prelude.* x) ((\x -> 2 Prelude.* x)
      ((\x -> 2 Prelude.* x Prelude.+ 1) ((\x -> 2 Prelude.* x)
      ((\x -> 2 Prelude.* x Prelude.+ 1) ((\x -> 2 Prelude.* x) 1)))))))))))))
    ([])) (Let NonRec ((:) (TermBind Strict (VarDecl
    (show_Z ((\x -> x) ((\x -> 2 Prelude.* x Prelude.+ 1)
      ((\x -> 2 Prelude.* x) ((\x -> 2 Prelude.* x)
      ((\x -> 2 Prelude.* x Prelude.+ 1) ((\x -> 2 Prelude.* x)
      ((\x -> 2 Prelude.* x Prelude.+ 1) ((\x -> 2 Prelude.* x)
      ((\x -> 2 Prelude.* x Prelude.+ 1) ((\x -> 2 Prelude.* x) 1)))))))))))
    (Ty_Builtin DefaultUniInteger)) (Var
    (show_Z ((\x -> x) ((\x -> 2 Prelude.* x Prelude.+ 1)
      ((\x -> 2 Prelude.* x Prelude.+ 1) ((\x -> 2 Prelude.* x Prelude.+ 1)
      ((\x -> 2 Prelude.* x) ((\x -> 2 Prelude.* x)
      ((\x -> 2 Prelude.* x Prelude.+ 1) ((\x -> 2 Prelude.* x)
      ((\x -> 2 Prelude.* x Prelude.+ 1) ((\x -> 2 Prelude.* x) 1)))))))))))))
    ([])) (Apply (Apply (Var
    (show_Z ((\x -> x) ((\x -> 2 Prelude.* x) ((\x -> 2 Prelude.* x)
      ((\x -> 2 Prelude.* x Prelude.+ 1) ((\x -> 2 Prelude.* x)
      ((\x -> 2 Prelude.* x) ((\x -> 2 Prelude.* x Prelude.+ 1)
      ((\x -> 2 Prelude.* x) ((\x -> 2 Prelude.* x Prelude.+ 1)
      ((\x -> 2 Prelude.* x) 1)))))))))))) (Var
    (show_Z ((\x -> x) ((\x -> 2 Prelude.* x) ((\x -> 2 Prelude.* x)
      ((\x -> 2 Prelude.* x) ((\x -> 2 Prelude.* x Prelude.+ 1)
      ((\x -> 2 Prelude.* x) ((\x -> 2 Prelude.* x Prelude.+ 1)
      ((\x -> 2 Prelude.* x) ((\x -> 2 Prelude.* x Prelude.+ 1)
      ((\x -> 2 Prelude.* x) 1))))))))))))) (Var
    (show_Z ((\x -> x) ((\x -> 2 Prelude.* x Prelude.+ 1)
      ((\x -> 2 Prelude.* x) ((\x -> 2 Prelude.* x)
      ((\x -> 2 Prelude.* x Prelude.+ 1) ((\x -> 2 Prelude.* x)
      ((\x -> 2 Prelude.* x Prelude.+ 1) ((\x -> 2 Prelude.* x)
      ((\x -> 2 Prelude.* x Prelude.+ 1) ((\x -> 2 Prelude.* x) 1))))))))))))))))))
    ([])) (Let Rec ((:) (DatatypeBind (Datatype (TyVarDecl
    (show_Z ((\x -> x) ((\x -> 2 Prelude.* x Prelude.+ 1)
      ((\x -> 2 Prelude.* x Prelude.+ 1) ((\x -> 2 Prelude.* x)
      ((\x -> 2 Prelude.* x Prelude.+ 1) ((\x -> 2 Prelude.* x)
      ((\x -> 2 Prelude.* x Prelude.+ 1) ((\x -> 2 Prelude.* x)
      ((\x -> 2 Prelude.* x Prelude.+ 1) ((\x -> 2 Prelude.* x) 1)))))))))))
    (Kind_Arrow Kind_Base Kind_Base)) ((:) (TyVarDecl
    (show_Z ((\x -> x) ((\x -> 2 Prelude.* x Prelude.+ 1)
      ((\x -> 2 Prelude.* x Prelude.+ 1) ((\x -> 2 Prelude.* x Prelude.+ 1)
      ((\x -> 2 Prelude.* x Prelude.+ 1) ((\x -> 2 Prelude.* x)
      ((\x -> 2 Prelude.* x Prelude.+ 1) ((\x -> 2 Prelude.* x)
      ((\x -> 2 Prelude.* x Prelude.+ 1) ((\x -> 2 Prelude.* x) 1)))))))))))
    Kind_Base) ([]))
    (show_Z ((\x -> x) ((\x -> 2 Prelude.* x)
      ((\x -> 2 Prelude.* x Prelude.+ 1) ((\x -> 2 Prelude.* x Prelude.+ 1)
      ((\x -> 2 Prelude.* x Prelude.+ 1) ((\x -> 2 Prelude.* x)
      ((\x -> 2 Prelude.* x Prelude.+ 1) ((\x -> 2 Prelude.* x)
      ((\x -> 2 Prelude.* x Prelude.+ 1) ((\x -> 2 Prelude.* x) 1)))))))))))
    ((:) (VarDecl
    (show_Z ((\x -> x) ((\x -> 2 Prelude.* x) ((\x -> 2 Prelude.* x)
      ((\x -> 2 Prelude.* x Prelude.+ 1) ((\x -> 2 Prelude.* x Prelude.+ 1)
      ((\x -> 2 Prelude.* x) ((\x -> 2 Prelude.* x Prelude.+ 1)
      ((\x -> 2 Prelude.* x) ((\x -> 2 Prelude.* x Prelude.+ 1)
      ((\x -> 2 Prelude.* x) 1))))))))))) (Ty_Fun (Ty_Var
    (show_Z ((\x -> x) ((\x -> 2 Prelude.* x Prelude.+ 1)
      ((\x -> 2 Prelude.* x Prelude.+ 1) ((\x -> 2 Prelude.* x Prelude.+ 1)
      ((\x -> 2 Prelude.* x Prelude.+ 1) ((\x -> 2 Prelude.* x)
      ((\x -> 2 Prelude.* x Prelude.+ 1) ((\x -> 2 Prelude.* x)
      ((\x -> 2 Prelude.* x Prelude.+ 1) ((\x -> 2 Prelude.* x) 1))))))))))))
    (Ty_App (Ty_Var
    (show_Z ((\x -> x) ((\x -> 2 Prelude.* x Prelude.+ 1)
      ((\x -> 2 Prelude.* x Prelude.+ 1) ((\x -> 2 Prelude.* x)
      ((\x -> 2 Prelude.* x Prelude.+ 1) ((\x -> 2 Prelude.* x)
      ((\x -> 2 Prelude.* x Prelude.+ 1) ((\x -> 2 Prelude.* x)
      ((\x -> 2 Prelude.* x Prelude.+ 1) ((\x -> 2 Prelude.* x) 1))))))))))))
    (Ty_Var
    (show_Z ((\x -> x) ((\x -> 2 Prelude.* x Prelude.+ 1)
      ((\x -> 2 Prelude.* x Prelude.+ 1) ((\x -> 2 Prelude.* x Prelude.+ 1)
      ((\x -> 2 Prelude.* x Prelude.+ 1) ((\x -> 2 Prelude.* x)
      ((\x -> 2 Prelude.* x Prelude.+ 1) ((\x -> 2 Prelude.* x)
      ((\x -> 2 Prelude.* x Prelude.+ 1) ((\x -> 2 Prelude.* x) 1)))))))))))))))
    ((:) (VarDecl
    (show_Z ((\x -> x) ((\x -> 2 Prelude.* x Prelude.+ 1)
      ((\x -> 2 Prelude.* x) ((\x -> 2 Prelude.* x Prelude.+ 1)
      ((\x -> 2 Prelude.* x Prelude.+ 1) ((\x -> 2 Prelude.* x)
      ((\x -> 2 Prelude.* x Prelude.+ 1) ((\x -> 2 Prelude.* x)
      ((\x -> 2 Prelude.* x Prelude.+ 1) ((\x -> 2 Prelude.* x) 1)))))))))))
    (Ty_App (Ty_Var
    (show_Z ((\x -> x) ((\x -> 2 Prelude.* x Prelude.+ 1)
      ((\x -> 2 Prelude.* x Prelude.+ 1) ((\x -> 2 Prelude.* x)
      ((\x -> 2 Prelude.* x Prelude.+ 1) ((\x -> 2 Prelude.* x)
      ((\x -> 2 Prelude.* x Prelude.+ 1) ((\x -> 2 Prelude.* x)
      ((\x -> 2 Prelude.* x Prelude.+ 1) ((\x -> 2 Prelude.* x) 1))))))))))))
    (Ty_Var
    (show_Z ((\x -> x) ((\x -> 2 Prelude.* x Prelude.+ 1)
      ((\x -> 2 Prelude.* x Prelude.+ 1) ((\x -> 2 Prelude.* x Prelude.+ 1)
      ((\x -> 2 Prelude.* x Prelude.+ 1) ((\x -> 2 Prelude.* x)
      ((\x -> 2 Prelude.* x Prelude.+ 1) ((\x -> 2 Prelude.* x)
      ((\x -> 2 Prelude.* x Prelude.+ 1) ((\x -> 2 Prelude.* x) 1))))))))))))))
    ([]))))) ([])) (Let NonRec ((:) (TermBind NonStrict (VarDecl
    (show_Z ((\x -> x) ((\x -> 2 Prelude.* x Prelude.+ 1)
      ((\x -> 2 Prelude.* x Prelude.+ 1) ((\x -> 2 Prelude.* x Prelude.+ 1)
      ((\x -> 2 Prelude.* x Prelude.+ 1) ((\x -> 2 Prelude.* x)
      ((\x -> 2 Prelude.* x) ((\x -> 2 Prelude.* x Prelude.+ 1)
      ((\x -> 2 Prelude.* x Prelude.+ 1) ((\x -> 2 Prelude.* x) 1)))))))))))
    (Ty_Fun (Ty_App (Ty_Var
    (show_Z ((\x -> x) ((\x -> 2 Prelude.* x Prelude.+ 1)
      ((\x -> 2 Prelude.* x Prelude.+ 1) ((\x -> 2 Prelude.* x)
      ((\x -> 2 Prelude.* x Prelude.+ 1) ((\x -> 2 Prelude.* x)
      ((\x -> 2 Prelude.* x Prelude.+ 1) ((\x -> 2 Prelude.* x)
      ((\x -> 2 Prelude.* x Prelude.+ 1) ((\x -> 2 Prelude.* x) 1))))))))))))
    (Ty_Builtin DefaultUniInteger)) (Ty_Fun (Ty_App (Ty_Var
    (show_Z ((\x -> x) ((\x -> 2 Prelude.* x Prelude.+ 1)
      ((\x -> 2 Prelude.* x Prelude.+ 1) ((\x -> 2 Prelude.* x)
      ((\x -> 2 Prelude.* x Prelude.+ 1) ((\x -> 2 Prelude.* x)
      ((\x -> 2 Prelude.* x Prelude.+ 1) ((\x -> 2 Prelude.* x)
      ((\x -> 2 Prelude.* x Prelude.+ 1) ((\x -> 2 Prelude.* x) 1))))))))))))
    (Ty_Builtin DefaultUniInteger)) (Ty_App (Ty_Var
    (show_Z ((\x -> x) ((\x -> 2 Prelude.* x Prelude.+ 1)
      ((\x -> 2 Prelude.* x Prelude.+ 1) ((\x -> 2 Prelude.* x)
      ((\x -> 2 Prelude.* x Prelude.+ 1) ((\x -> 2 Prelude.* x)
      ((\x -> 2 Prelude.* x Prelude.+ 1) ((\x -> 2 Prelude.* x)
      ((\x -> 2 Prelude.* x Prelude.+ 1) ((\x -> 2 Prelude.* x) 1))))))))))))
    (Ty_Builtin DefaultUniInteger))))) (LamAbs
    (show_Z ((\x -> x) ((\x -> 2 Prelude.* x Prelude.+ 1)
      ((\x -> 2 Prelude.* x Prelude.+ 1) ((\x -> 2 Prelude.* x)
      ((\x -> 2 Prelude.* x Prelude.+ 1) ((\x -> 2 Prelude.* x Prelude.+ 1)
      ((\x -> 2 Prelude.* x Prelude.+ 1) ((\x -> 2 Prelude.* x)
      ((\x -> 2 Prelude.* x Prelude.+ 1) ((\x -> 2 Prelude.* x) 1)))))))))))
    (Ty_App (Ty_Var
    (show_Z ((\x -> x) ((\x -> 2 Prelude.* x Prelude.+ 1)
      ((\x -> 2 Prelude.* x Prelude.+ 1) ((\x -> 2 Prelude.* x)
      ((\x -> 2 Prelude.* x Prelude.+ 1) ((\x -> 2 Prelude.* x)
      ((\x -> 2 Prelude.* x Prelude.+ 1) ((\x -> 2 Prelude.* x)
      ((\x -> 2 Prelude.* x Prelude.+ 1) ((\x -> 2 Prelude.* x) 1))))))))))))
    (Ty_Builtin DefaultUniInteger)) (LamAbs
    (show_Z ((\x -> x) ((\x -> 2 Prelude.* x) ((\x -> 2 Prelude.* x)
      ((\x -> 2 Prelude.* x Prelude.+ 1) ((\x -> 2 Prelude.* x Prelude.+ 1)
      ((\x -> 2 Prelude.* x Prelude.+ 1) ((\x -> 2 Prelude.* x Prelude.+ 1)
      ((\x -> 2 Prelude.* x) ((\x -> 2 Prelude.* x Prelude.+ 1)
      ((\x -> 2 Prelude.* x) 1))))))))))) (Ty_App (Ty_Var
    (show_Z ((\x -> x) ((\x -> 2 Prelude.* x Prelude.+ 1)
      ((\x -> 2 Prelude.* x Prelude.+ 1) ((\x -> 2 Prelude.* x)
      ((\x -> 2 Prelude.* x Prelude.+ 1) ((\x -> 2 Prelude.* x)
      ((\x -> 2 Prelude.* x Prelude.+ 1) ((\x -> 2 Prelude.* x)
      ((\x -> 2 Prelude.* x Prelude.+ 1) ((\x -> 2 Prelude.* x) 1))))))))))))
    (Ty_Builtin DefaultUniInteger)) (Let NonRec ((:) (TermBind Strict
    (VarDecl
    (show_Z ((\x -> x) ((\x -> 2 Prelude.* x Prelude.+ 1)
      ((\x -> 2 Prelude.* x) ((\x -> 2 Prelude.* x Prelude.+ 1)
      ((\x -> 2 Prelude.* x Prelude.+ 1) ((\x -> 2 Prelude.* x Prelude.+ 1)
      ((\x -> 2 Prelude.* x Prelude.+ 1) ((\x -> 2 Prelude.* x)
      ((\x -> 2 Prelude.* x Prelude.+ 1) ((\x -> 2 Prelude.* x) 1)))))))))))
    (Ty_App (Ty_Var
    (show_Z ((\x -> x) ((\x -> 2 Prelude.* x Prelude.+ 1)
      ((\x -> 2 Prelude.* x Prelude.+ 1) ((\x -> 2 Prelude.* x)
      ((\x -> 2 Prelude.* x Prelude.+ 1) ((\x -> 2 Prelude.* x)
      ((\x -> 2 Prelude.* x Prelude.+ 1) ((\x -> 2 Prelude.* x)
      ((\x -> 2 Prelude.* x Prelude.+ 1) ((\x -> 2 Prelude.* x) 1))))))))))))
    (Ty_Builtin DefaultUniInteger))) (Var
    (show_Z ((\x -> x) ((\x -> 2 Prelude.* x Prelude.+ 1)
      ((\x -> 2 Prelude.* x Prelude.+ 1) ((\x -> 2 Prelude.* x)
      ((\x -> 2 Prelude.* x Prelude.+ 1) ((\x -> 2 Prelude.* x Prelude.+ 1)
      ((\x -> 2 Prelude.* x Prelude.+ 1) ((\x -> 2 Prelude.* x)
      ((\x -> 2 Prelude.* x Prelude.+ 1) ((\x -> 2 Prelude.* x) 1)))))))))))))
    ([])) (Let NonRec ((:) (TermBind Strict (VarDecl
    (show_Z ((\x -> x) ((\x -> 2 Prelude.* x)
      ((\x -> 2 Prelude.* x Prelude.+ 1) ((\x -> 2 Prelude.* x Prelude.+ 1)
      ((\x -> 2 Prelude.* x Prelude.+ 1) ((\x -> 2 Prelude.* x Prelude.+ 1)
      ((\x -> 2 Prelude.* x Prelude.+ 1) ((\x -> 2 Prelude.* x)
      ((\x -> 2 Prelude.* x Prelude.+ 1) ((\x -> 2 Prelude.* x) 1)))))))))))
    (Ty_App (Ty_Var
    (show_Z ((\x -> x) ((\x -> 2 Prelude.* x Prelude.+ 1)
      ((\x -> 2 Prelude.* x Prelude.+ 1) ((\x -> 2 Prelude.* x)
      ((\x -> 2 Prelude.* x Prelude.+ 1) ((\x -> 2 Prelude.* x)
      ((\x -> 2 Prelude.* x Prelude.+ 1) ((\x -> 2 Prelude.* x)
      ((\x -> 2 Prelude.* x Prelude.+ 1) ((\x -> 2 Prelude.* x) 1))))))))))))
    (Ty_Builtin DefaultUniInteger))) (Var
    (show_Z ((\x -> x) ((\x -> 2 Prelude.* x) ((\x -> 2 Prelude.* x)
      ((\x -> 2 Prelude.* x Prelude.+ 1) ((\x -> 2 Prelude.* x Prelude.+ 1)
      ((\x -> 2 Prelude.* x Prelude.+ 1) ((\x -> 2 Prelude.* x Prelude.+ 1)
      ((\x -> 2 Prelude.* x) ((\x -> 2 Prelude.* x Prelude.+ 1)
      ((\x -> 2 Prelude.* x) 1))))))))))))) ([])) (TyInst (Apply (Apply
    (TyInst (Apply (TyInst (Var
    (show_Z ((\x -> x) ((\x -> 2 Prelude.* x)
      ((\x -> 2 Prelude.* x Prelude.+ 1) ((\x -> 2 Prelude.* x Prelude.+ 1)
      ((\x -> 2 Prelude.* x Prelude.+ 1) ((\x -> 2 Prelude.* x)
      ((\x -> 2 Prelude.* x Prelude.+ 1) ((\x -> 2 Prelude.* x)
      ((\x -> 2 Prelude.* x Prelude.+ 1) ((\x -> 2 Prelude.* x) 1))))))))))))
    (Ty_Builtin DefaultUniInteger)) (Var
    (show_Z ((\x -> x) ((\x -> 2 Prelude.* x Prelude.+ 1)
      ((\x -> 2 Prelude.* x) ((\x -> 2 Prelude.* x Prelude.+ 1)
      ((\x -> 2 Prelude.* x Prelude.+ 1) ((\x -> 2 Prelude.* x Prelude.+ 1)
      ((\x -> 2 Prelude.* x Prelude.+ 1) ((\x -> 2 Prelude.* x)
      ((\x -> 2 Prelude.* x Prelude.+ 1) ((\x -> 2 Prelude.* x) 1)))))))))))))
    (Ty_Forall
    (show_Z ((\x -> x) ((\x -> 2 Prelude.* x)
      ((\x -> 2 Prelude.* x Prelude.+ 1) ((\x -> 2 Prelude.* x)
      ((\x -> 2 Prelude.* x) ((\x -> 2 Prelude.* x) ((\x -> 2 Prelude.* x)
      ((\x -> 2 Prelude.* x Prelude.+ 1) ((\x -> 2 Prelude.* x Prelude.+ 1)
      ((\x -> 2 Prelude.* x) 1))))))))))) Kind_Base (Ty_App (Ty_Var
    (show_Z ((\x -> x) ((\x -> 2 Prelude.* x Prelude.+ 1)
      ((\x -> 2 Prelude.* x Prelude.+ 1) ((\x -> 2 Prelude.* x)
      ((\x -> 2 Prelude.* x Prelude.+ 1) ((\x -> 2 Prelude.* x)
      ((\x -> 2 Prelude.* x Prelude.+ 1) ((\x -> 2 Prelude.* x)
      ((\x -> 2 Prelude.* x Prelude.+ 1) ((\x -> 2 Prelude.* x) 1))))))))))))
    (Ty_Builtin DefaultUniInteger)))) (LamAbs
    (show_Z ((\x -> x) ((\x -> 2 Prelude.* x Prelude.+ 1)
      ((\x -> 2 Prelude.* x Prelude.+ 1) ((\x -> 2 Prelude.* x)
      ((\x -> 2 Prelude.* x) ((\x -> 2 Prelude.* x) ((\x -> 2 Prelude.* x)
      ((\x -> 2 Prelude.* x Prelude.+ 1) ((\x -> 2 Prelude.* x Prelude.+ 1)
      ((\x -> 2 Prelude.* x) 1))))))))))) (Ty_Builtin DefaultUniInteger)
    (TyAbs
    (show_Z ((\x -> x) ((\x -> 2 Prelude.* x) ((\x -> 2 Prelude.* x)
      ((\x -> 2 Prelude.* x Prelude.+ 1) ((\x -> 2 Prelude.* x)
      ((\x -> 2 Prelude.* x) ((\x -> 2 Prelude.* x)
      ((\x -> 2 Prelude.* x Prelude.+ 1) ((\x -> 2 Prelude.* x Prelude.+ 1)
      ((\x -> 2 Prelude.* x) 1))))))))))) Kind_Base (TyInst (Apply (Apply
    (TyInst (Apply (TyInst (Var
    (show_Z ((\x -> x) ((\x -> 2 Prelude.* x)
      ((\x -> 2 Prelude.* x Prelude.+ 1) ((\x -> 2 Prelude.* x Prelude.+ 1)
      ((\x -> 2 Prelude.* x Prelude.+ 1) ((\x -> 2 Prelude.* x)
      ((\x -> 2 Prelude.* x Prelude.+ 1) ((\x -> 2 Prelude.* x)
      ((\x -> 2 Prelude.* x Prelude.+ 1) ((\x -> 2 Prelude.* x) 1))))))))))))
    (Ty_Builtin DefaultUniInteger)) (Var
    (show_Z ((\x -> x) ((\x -> 2 Prelude.* x)
      ((\x -> 2 Prelude.* x Prelude.+ 1) ((\x -> 2 Prelude.* x Prelude.+ 1)
      ((\x -> 2 Prelude.* x Prelude.+ 1) ((\x -> 2 Prelude.* x Prelude.+ 1)
      ((\x -> 2 Prelude.* x Prelude.+ 1) ((\x -> 2 Prelude.* x)
      ((\x -> 2 Prelude.* x Prelude.+ 1) ((\x -> 2 Prelude.* x) 1)))))))))))))
    (Ty_Forall
    (show_Z ((\x -> x) ((\x -> 2 Prelude.* x) ((\x -> 2 Prelude.* x)
      ((\x -> 2 Prelude.* x) ((\x -> 2 Prelude.* x Prelude.+ 1)
      ((\x -> 2 Prelude.* x) ((\x -> 2 Prelude.* x)
      ((\x -> 2 Prelude.* x Prelude.+ 1) ((\x -> 2 Prelude.* x Prelude.+ 1)
      ((\x -> 2 Prelude.* x) 1))))))))))) Kind_Base (Ty_App (Ty_Var
    (show_Z ((\x -> x) ((\x -> 2 Prelude.* x Prelude.+ 1)
      ((\x -> 2 Prelude.* x Prelude.+ 1) ((\x -> 2 Prelude.* x)
      ((\x -> 2 Prelude.* x Prelude.+ 1) ((\x -> 2 Prelude.* x)
      ((\x -> 2 Prelude.* x Prelude.+ 1) ((\x -> 2 Prelude.* x)
      ((\x -> 2 Prelude.* x Prelude.+ 1) ((\x -> 2 Prelude.* x) 1))))))))))))
    (Ty_Builtin DefaultUniInteger)))) (LamAbs
    (show_Z ((\x -> x) ((\x -> 2 Prelude.* x Prelude.+ 1)
      ((\x -> 2 Prelude.* x) ((\x -> 2 Prelude.* x)
      ((\x -> 2 Prelude.* x Prelude.+ 1) ((\x -> 2 Prelude.* x)
      ((\x -> 2 Prelude.* x) ((\x -> 2 Prelude.* x Prelude.+ 1)
      ((\x -> 2 Prelude.* x Prelude.+ 1) ((\x -> 2 Prelude.* x) 1)))))))))))
    (Ty_Builtin DefaultUniInteger) (TyAbs
    (show_Z ((\x -> x) ((\x -> 2 Prelude.* x)
      ((\x -> 2 Prelude.* x Prelude.+ 1) ((\x -> 2 Prelude.* x)
      ((\x -> 2 Prelude.* x Prelude.+ 1) ((\x -> 2 Prelude.* x)
      ((\x -> 2 Prelude.* x) ((\x -> 2 Prelude.* x Prelude.+ 1)
      ((\x -> 2 Prelude.* x Prelude.+ 1) ((\x -> 2 Prelude.* x) 1)))))))))))
    Kind_Base (Apply (TyInst (Var
    (show_Z ((\x -> x) ((\x -> 2 Prelude.* x) ((\x -> 2 Prelude.* x)
      ((\x -> 2 Prelude.* x Prelude.+ 1) ((\x -> 2 Prelude.* x Prelude.+ 1)
      ((\x -> 2 Prelude.* x) ((\x -> 2 Prelude.* x Prelude.+ 1)
      ((\x -> 2 Prelude.* x) ((\x -> 2 Prelude.* x Prelude.+ 1)
      ((\x -> 2 Prelude.* x) 1)))))))))))) (Ty_Builtin DefaultUniInteger))
    (Apply (Apply (Var
    (show_Z ((\x -> x) ((\x -> 2 Prelude.* x)
      ((\x -> 2 Prelude.* x Prelude.+ 1) ((\x -> 2 Prelude.* x)
      ((\x -> 2 Prelude.* x Prelude.+ 1) ((\x -> 2 Prelude.* x)
      ((\x -> 2 Prelude.* x Prelude.+ 1) ((\x -> 2 Prelude.* x)
      ((\x -> 2 Prelude.* x Prelude.+ 1) ((\x -> 2 Prelude.* x) 1))))))))))))
    (Var
    (show_Z ((\x -> x) ((\x -> 2 Prelude.* x Prelude.+ 1)
      ((\x -> 2 Prelude.* x Prelude.+ 1) ((\x -> 2 Prelude.* x)
      ((\x -> 2 Prelude.* x) ((\x -> 2 Prelude.* x) ((\x -> 2 Prelude.* x)
      ((\x -> 2 Prelude.* x Prelude.+ 1) ((\x -> 2 Prelude.* x Prelude.+ 1)
      ((\x -> 2 Prelude.* x) 1))))))))))))) (Var
    (show_Z ((\x -> x) ((\x -> 2 Prelude.* x Prelude.+ 1)
      ((\x -> 2 Prelude.* x) ((\x -> 2 Prelude.* x)
      ((\x -> 2 Prelude.* x Prelude.+ 1) ((\x -> 2 Prelude.* x)
      ((\x -> 2 Prelude.* x) ((\x -> 2 Prelude.* x Prelude.+ 1)
      ((\x -> 2 Prelude.* x Prelude.+ 1) ((\x -> 2 Prelude.* x) 1)))))))))))))))))
    (TyAbs
    (show_Z ((\x -> x) ((\x -> 2 Prelude.* x Prelude.+ 1)
      ((\x -> 2 Prelude.* x Prelude.+ 1) ((\x -> 2 Prelude.* x)
      ((\x -> 2 Prelude.* x Prelude.+ 1) ((\x -> 2 Prelude.* x)
      ((\x -> 2 Prelude.* x) ((\x -> 2 Prelude.* x Prelude.+ 1)
      ((\x -> 2 Prelude.* x Prelude.+ 1) ((\x -> 2 Prelude.* x) 1)))))))))))
    Kind_Base (TyInst (Var
    (show_Z ((\x -> x) ((\x -> 2 Prelude.* x Prelude.+ 1)
      ((\x -> 2 Prelude.* x) ((\x -> 2 Prelude.* x Prelude.+ 1)
      ((\x -> 2 Prelude.* x Prelude.+ 1) ((\x -> 2 Prelude.* x)
      ((\x -> 2 Prelude.* x Prelude.+ 1) ((\x -> 2 Prelude.* x)
      ((\x -> 2 Prelude.* x Prelude.+ 1) ((\x -> 2 Prelude.* x) 1))))))))))))
    (Ty_Builtin DefaultUniInteger)))) (Ty_Forall
    (show_Z ((\x -> x) ((\x -> 2 Prelude.* x) ((\x -> 2 Prelude.* x)
      ((\x -> 2 Prelude.* x Prelude.+ 1) ((\x -> 2 Prelude.* x Prelude.+ 1)
      ((\x -> 2 Prelude.* x) ((\x -> 2 Prelude.* x)
      ((\x -> 2 Prelude.* x Prelude.+ 1) ((\x -> 2 Prelude.* x Prelude.+ 1)
      ((\x -> 2 Prelude.* x) 1))))))))))) Kind_Base (Ty_Var
    (show_Z ((\x -> x) ((\x -> 2 Prelude.* x) ((\x -> 2 Prelude.* x)
      ((\x -> 2 Prelude.* x Prelude.+ 1) ((\x -> 2 Prelude.* x Prelude.+ 1)
      ((\x -> 2 Prelude.* x) ((\x -> 2 Prelude.* x)
      ((\x -> 2 Prelude.* x Prelude.+ 1) ((\x -> 2 Prelude.* x Prelude.+ 1)
      ((\x -> 2 Prelude.* x) 1))))))))))))))))) (TyAbs
    (show_Z ((\x -> x) ((\x -> 2 Prelude.* x Prelude.+ 1)
      ((\x -> 2 Prelude.* x) ((\x -> 2 Prelude.* x Prelude.+ 1)
      ((\x -> 2 Prelude.* x Prelude.+ 1) ((\x -> 2 Prelude.* x)
      ((\x -> 2 Prelude.* x) ((\x -> 2 Prelude.* x Prelude.+ 1)
      ((\x -> 2 Prelude.* x Prelude.+ 1) ((\x -> 2 Prelude.* x) 1)))))))))))
    Kind_Base (TyInst (Var
    (show_Z ((\x -> x) ((\x -> 2 Prelude.* x Prelude.+ 1)
      ((\x -> 2 Prelude.* x) ((\x -> 2 Prelude.* x Prelude.+ 1)
      ((\x -> 2 Prelude.* x Prelude.+ 1) ((\x -> 2 Prelude.* x)
      ((\x -> 2 Prelude.* x Prelude.+ 1) ((\x -> 2 Prelude.* x)
      ((\x -> 2 Prelude.* x Prelude.+ 1) ((\x -> 2 Prelude.* x) 1))))))))))))
    (Ty_Builtin DefaultUniInteger)))) (Ty_Forall
    (show_Z ((\x -> x) ((\x -> 2 Prelude.* x)
      ((\x -> 2 Prelude.* x Prelude.+ 1) ((\x -> 2 Prelude.* x Prelude.+ 1)
      ((\x -> 2 Prelude.* x Prelude.+ 1) ((\x -> 2 Prelude.* x)
      ((\x -> 2 Prelude.* x) ((\x -> 2 Prelude.* x Prelude.+ 1)
      ((\x -> 2 Prelude.* x Prelude.+ 1) ((\x -> 2 Prelude.* x) 1)))))))))))
    Kind_Base (Ty_Var
    (show_Z ((\x -> x) ((\x -> 2 Prelude.* x)
      ((\x -> 2 Prelude.* x Prelude.+ 1) ((\x -> 2 Prelude.* x Prelude.+ 1)
      ((\x -> 2 Prelude.* x Prelude.+ 1) ((\x -> 2 Prelude.* x)
      ((\x -> 2 Prelude.* x) ((\x -> 2 Prelude.* x Prelude.+ 1)
      ((\x -> 2 Prelude.* x Prelude.+ 1) ((\x -> 2 Prelude.* x) 1)))))))))))))))))))
    ([])) (Apply (Apply (TyInst (Apply (TyInst (Var
    (show_Z ((\x -> x) ((\x -> 2 Prelude.* x)
      ((\x -> 2 Prelude.* x Prelude.+ 1) ((\x -> 2 Prelude.* x Prelude.+ 1)
      ((\x -> 2 Prelude.* x Prelude.+ 1) ((\x -> 2 Prelude.* x)
      ((\x -> 2 Prelude.* x Prelude.+ 1) ((\x -> 2 Prelude.* x)
      ((\x -> 2 Prelude.* x Prelude.+ 1) ((\x -> 2 Prelude.* x) 1))))))))))))
    (Ty_Builtin DefaultUniInteger)) (Apply (Apply (Var
    (show_Z ((\x -> x) ((\x -> 2 Prelude.* x Prelude.+ 1)
      ((\x -> 2 Prelude.* x Prelude.+ 1) ((\x -> 2 Prelude.* x Prelude.+ 1)
      ((\x -> 2 Prelude.* x Prelude.+ 1) ((\x -> 2 Prelude.* x)
      ((\x -> 2 Prelude.* x) ((\x -> 2 Prelude.* x Prelude.+ 1)
      ((\x -> 2 Prelude.* x Prelude.+ 1) ((\x -> 2 Prelude.* x) 1))))))))))))
    (Apply (TyInst (Var
    (show_Z ((\x -> x) ((\x -> 2 Prelude.* x) ((\x -> 2 Prelude.* x)
      ((\x -> 2 Prelude.* x Prelude.+ 1) ((\x -> 2 Prelude.* x Prelude.+ 1)
      ((\x -> 2 Prelude.* x) ((\x -> 2 Prelude.* x Prelude.+ 1)
      ((\x -> 2 Prelude.* x) ((\x -> 2 Prelude.* x Prelude.+ 1)
      ((\x -> 2 Prelude.* x) 1)))))))))))) (Ty_Builtin DefaultUniInteger))
    (Constant0
    (some (ValueOf DefaultUniInteger
      (unsafeCoerce ((\x -> x) ((\x -> 2 Prelude.* x Prelude.+ 1) 1))))))))
    (Apply (TyInst (Var
    (show_Z ((\x -> x) ((\x -> 2 Prelude.* x) ((\x -> 2 Prelude.* x)
      ((\x -> 2 Prelude.* x Prelude.+ 1) ((\x -> 2 Prelude.* x Prelude.+ 1)
      ((\x -> 2 Prelude.* x) ((\x -> 2 Prelude.* x Prelude.+ 1)
      ((\x -> 2 Prelude.* x) ((\x -> 2 Prelude.* x Prelude.+ 1)
      ((\x -> 2 Prelude.* x) 1)))))))))))) (Ty_Builtin DefaultUniInteger))
    (Constant0
    (some (ValueOf DefaultUniInteger
      (unsafeCoerce ((\x -> x) ((\x -> 2 Prelude.* x Prelude.+ 1)
        ((\x -> 2 Prelude.* x) 1)))))))))) (Ty_Builtin DefaultUniInteger))
    (LamAbs
    (show_Z ((\x -> x) ((\x -> 2 Prelude.* x Prelude.+ 1)
      ((\x -> 2 Prelude.* x Prelude.+ 1) ((\x -> 2 Prelude.* x)
      ((\x -> 2 Prelude.* x) ((\x -> 2 Prelude.* x Prelude.+ 1)
      ((\x -> 2 Prelude.* x) ((\x -> 2 Prelude.* x Prelude.+ 1)
      ((\x -> 2 Prelude.* x Prelude.+ 1) ((\x -> 2 Prelude.* x) 1)))))))))))
    (Ty_Builtin DefaultUniInteger) (Var
    (show_Z ((\x -> x) ((\x -> 2 Prelude.* x Prelude.+ 1)
      ((\x -> 2 Prelude.* x Prelude.+ 1) ((\x -> 2 Prelude.* x)
      ((\x -> 2 Prelude.* x) ((\x -> 2 Prelude.* x Prelude.+ 1)
      ((\x -> 2 Prelude.* x) ((\x -> 2 Prelude.* x Prelude.+ 1)
      ((\x -> 2 Prelude.* x Prelude.+ 1) ((\x -> 2 Prelude.* x) 1))))))))))))))
    (Constant0 (some (ValueOf DefaultUniInteger (unsafeCoerce 0))))))))) ((:)
    (Let NonRec ((:) (DatatypeBind (Datatype (TyVarDecl
    (show_Z ((\x -> x) ((\x -> 2 Prelude.* x)
      ((\x -> 2 Prelude.* x Prelude.+ 1) ((\x -> 2 Prelude.* x)
      ((\x -> 2 Prelude.* x) ((\x -> 2 Prelude.* x)
      ((\x -> 2 Prelude.* x Prelude.+ 1) ((\x -> 2 Prelude.* x)
      ((\x -> 2 Prelude.* x Prelude.+ 1) ((\x -> 2 Prelude.* x)
      ((\x -> 2 Prelude.* x) 1)))))))))))) (Kind_Arrow Kind_Base Kind_Base))
    ((:) (TyVarDecl
    (show_Z ((\x -> x) ((\x -> 2 Prelude.* x)
      ((\x -> 2 Prelude.* x Prelude.+ 1) ((\x -> 2 Prelude.* x Prelude.+ 1)
      ((\x -> 2 Prelude.* x) ((\x -> 2 Prelude.* x)
      ((\x -> 2 Prelude.* x Prelude.+ 1) ((\x -> 2 Prelude.* x)
      ((\x -> 2 Prelude.* x Prelude.+ 1) ((\x -> 2 Prelude.* x)
      ((\x -> 2 Prelude.* x) 1)))))))))))) Kind_Base) ([]))
    (show_Z ((\x -> x) ((\x -> 2 Prelude.* x Prelude.+ 1)
      ((\x -> 2 Prelude.* x) ((\x -> 2 Prelude.* x Prelude.+ 1)
      ((\x -> 2 Prelude.* x) ((\x -> 2 Prelude.* x)
      ((\x -> 2 Prelude.* x Prelude.+ 1) ((\x -> 2 Prelude.* x)
      ((\x -> 2 Prelude.* x Prelude.+ 1) ((\x -> 2 Prelude.* x)
      ((\x -> 2 Prelude.* x) 1)))))))))))) ((:) (VarDecl
    (show_Z ((\x -> x) ((\x -> 2 Prelude.* x Prelude.+ 1)
      ((\x -> 2 Prelude.* x Prelude.+ 1) ((\x -> 2 Prelude.* x)
      ((\x -> 2 Prelude.* x) ((\x -> 2 Prelude.* x)
      ((\x -> 2 Prelude.* x Prelude.+ 1) ((\x -> 2 Prelude.* x)
      ((\x -> 2 Prelude.* x Prelude.+ 1) ((\x -> 2 Prelude.* x)
      ((\x -> 2 Prelude.* x) 1)))))))))))) (Ty_Fun (Ty_Var
    (show_Z ((\x -> x) ((\x -> 2 Prelude.* x)
      ((\x -> 2 Prelude.* x Prelude.+ 1) ((\x -> 2 Prelude.* x Prelude.+ 1)
      ((\x -> 2 Prelude.* x) ((\x -> 2 Prelude.* x)
      ((\x -> 2 Prelude.* x Prelude.+ 1) ((\x -> 2 Prelude.* x)
      ((\x -> 2 Prelude.* x Prelude.+ 1) ((\x -> 2 Prelude.* x)
      ((\x -> 2 Prelude.* x) 1))))))))))))) (Ty_App (Ty_Var
    (show_Z ((\x -> x) ((\x -> 2 Prelude.* x)
      ((\x -> 2 Prelude.* x Prelude.+ 1) ((\x -> 2 Prelude.* x)
      ((\x -> 2 Prelude.* x) ((\x -> 2 Prelude.* x)
      ((\x -> 2 Prelude.* x Prelude.+ 1) ((\x -> 2 Prelude.* x)
      ((\x -> 2 Prelude.* x Prelude.+ 1) ((\x -> 2 Prelude.* x)
      ((\x -> 2 Prelude.* x) 1))))))))))))) (Ty_Var
    (show_Z ((\x -> x) ((\x -> 2 Prelude.* x)
      ((\x -> 2 Prelude.* x Prelude.+ 1) ((\x -> 2 Prelude.* x Prelude.+ 1)
      ((\x -> 2 Prelude.* x) ((\x -> 2 Prelude.* x)
      ((\x -> 2 Prelude.* x Prelude.+ 1) ((\x -> 2 Prelude.* x)
      ((\x -> 2 Prelude.* x Prelude.+ 1) ((\x -> 2 Prelude.* x)
      ((\x -> 2 Prelude.* x) 1)))))))))))))))) ((:) (VarDecl
    (show_Z ((\x -> x) ((\x -> 2 Prelude.* x) ((\x -> 2 Prelude.* x)
      ((\x -> 2 Prelude.* x Prelude.+ 1) ((\x -> 2 Prelude.* x)
      ((\x -> 2 Prelude.* x) ((\x -> 2 Prelude.* x Prelude.+ 1)
      ((\x -> 2 Prelude.* x) ((\x -> 2 Prelude.* x Prelude.+ 1)
      ((\x -> 2 Prelude.* x) ((\x -> 2 Prelude.* x) 1)))))))))))) (Ty_App
    (Ty_Var
    (show_Z ((\x -> x) ((\x -> 2 Prelude.* x)
      ((\x -> 2 Prelude.* x Prelude.+ 1) ((\x -> 2 Prelude.* x)
      ((\x -> 2 Prelude.* x) ((\x -> 2 Prelude.* x)
      ((\x -> 2 Prelude.* x Prelude.+ 1) ((\x -> 2 Prelude.* x)
      ((\x -> 2 Prelude.* x Prelude.+ 1) ((\x -> 2 Prelude.* x)
      ((\x -> 2 Prelude.* x) 1))))))))))))) (Ty_Var
    (show_Z ((\x -> x) ((\x -> 2 Prelude.* x)
      ((\x -> 2 Prelude.* x Prelude.+ 1) ((\x -> 2 Prelude.* x Prelude.+ 1)
      ((\x -> 2 Prelude.* x) ((\x -> 2 Prelude.* x)
      ((\x -> 2 Prelude.* x Prelude.+ 1) ((\x -> 2 Prelude.* x)
      ((\x -> 2 Prelude.* x Prelude.+ 1) ((\x -> 2 Prelude.* x)
      ((\x -> 2 Prelude.* x) 1))))))))))))))) ([]))))) ([])) (Constant0
    (some (ValueOf DefaultUniInteger
      (unsafeCoerce ((\x -> x) ((\x -> 2 Prelude.* x) ((\x -> 2 Prelude.* x)
        ((\x -> 2 Prelude.* x) 1))))))))) ([]))


